[backblue.gif]
[fade.gif]
[index.html]
[localhost/olabs/html5/index6549.html]
[localhost/olabs/html5/template/olab_ot/css/font.css]
[localhost/olabs/html5/template/olab_ot/css/reset.css]
[localhost/olabs/html5/template/olab_ot/css/grid.css]
[localhost/olabs/html5/template/olab_ot/css/mainstyle.css]
[localhost/olabs/html5/js/nanoscroller/nanoscroller.css]
[localhost/olabs/html5/js/nanoscroller/overthrow.min.js]
[localhost/olabs/html5/js/jquery/jquery.js]
[localhost/olabs/html5/js/jquery/jquery-ui.js]
[localhost/olabs/html5/js/nanoscroller/jquery.nanoscroller.js]
[localhost/olabs/html5/js/nanoscroller/touchready.js]
[localhost/olabs/html5/js/nanoscroller/main.js]
[localhost/olabs/CHE/ANC/Preparation_of_aniline_yellow/css/simstyle.html]
[localhost/olabs/html5/js/trip/trip.css]
[localhost/olabs/CHE/ANC/Preparation_of_aniline_yellow/js/help.html]
[localhost/olabs/html5/js/trip/trip.min.js]
[localhost/olabs/CHE/ANC/Preparation_of_aniline_yellow/js/simcontrols.html]
[localhost/olabs/html5/js/touchconvert.js]
[localhost/olabs/CHE/ANC/Preparation_of_aniline_yellow/js/Gettext.html]
[localhost/olabs/html5/js/js-webshim/1.9.7/minified/extras/modernizr-custom.js]
[localhost/olabs/CHE/ANC/Preparation_of_aniline_yellow/images/bg.html]
[localhost/olabs/CHE/ANC/Preparation_of_aniline_yellow/images/Inference.html]
[localhost/olabs/CHE/ANC/Preparation_of_aniline_yellow/images/ice_bath.html]
[localhost/olabs/CHE/ANC/Preparation_of_aniline_yellow/images/ice_cubes.html]
[localhost/olabs/CHE/ANC/Preparation_of_aniline_yellow/images/waterInJar.html]
[localhost/olabs/CHE/ANC/Preparation_of_aniline_yellow/images/Cylinder.html]
[localhost/olabs/CHE/ANC/Preparation_of_aniline_yellow/images/drop.html]
[localhost/olabs/CHE/ANC/Preparation_of_aniline_yellow/images/dropA.html]
[localhost/olabs/CHE/ANC/Preparation_of_aniline_yellow/images/dropper.html]
[localhost/olabs/CHE/ANC/Preparation_of_aniline_yellow/images/dropperLiquid.html]
[localhost/olabs/CHE/ANC/Preparation_of_aniline_yellow/images/pourline.html]
[localhost/olabs/CHE/ANC/Preparation_of_aniline_yellow/images/Thermometer.html]
[localhost/olabs/CHE/ANC/Preparation_of_aniline_yellow/images/ThermometerH.html]
[localhost/olabs/CHE/ANC/Preparation_of_aniline_yellow/images/Anilinesol.html]
[localhost/olabs/CHE/ANC/Preparation_of_aniline_yellow/images/bottle1.html]
[localhost/olabs/CHE/ANC/Preparation_of_aniline_yellow/images/label.html]
[localhost/olabs/CHE/ANC/Preparation_of_aniline_yellow/images/glasstube.html]
[localhost/olabs/CHE/ANC/Preparation_of_aniline_yellow/images/beaker.html]
[localhost/olabs/CHE/ANC/Preparation_of_aniline_yellow/images/bottle.html]
[localhost/olabs/CHE/ANC/Preparation_of_aniline_yellow/images/hclV.html]
[localhost/olabs/CHE/ANC/Preparation_of_aniline_yellow/images/clyhclliq.html]
[localhost/olabs/CHE/ANC/Preparation_of_aniline_yellow/images/hclliq.html]
[localhost/olabs/CHE/ANC/Preparation_of_aniline_yellow/images/dropperLiquidA.html]
[localhost/olabs/CHE/ANC/Preparation_of_aniline_yellow/images/anilV.html]
[localhost/olabs/CHE/ANC/Preparation_of_aniline_yellow/images/bg1.html]
[localhost/olabs/CHE/ANC/Preparation_of_aniline_yellow/images/bdcsol.html]
[localhost/olabs/CHE/ANC/Preparation_of_aniline_yellow/images/halfAniline.html]
[localhost/olabs/CHE/ANC/Preparation_of_aniline_yellow/images/AnilineVLeft.html]
[localhost/olabs/CHE/ANC/Preparation_of_aniline_yellow/images/beakerR.html]
[localhost/olabs/CHE/ANC/Preparation_of_aniline_yellow/images/benVLeft.html]
[localhost/olabs/CHE/ANC/Preparation_of_aniline_yellow/images/butterpaper.html]
[localhost/olabs/CHE/ANC/Preparation_of_aniline_yellow/images/salt.html]
[localhost/olabs/CHE/ANC/Preparation_of_aniline_yellow/images/standtop.html]
[localhost/olabs/CHE/ANC/Preparation_of_aniline_yellow/images/standunder.html]
[localhost/olabs/CHE/ANC/Preparation_of_aniline_yellow/images/powderpour.html]
[localhost/olabs/CHE/ANC/Preparation_of_aniline_yellow/images/butterpaperly.html]
[localhost/olabs/CHE/ANC/Preparation_of_aniline_yellow/images/dropAV.html]
[localhost/olabs/CHE/ANC/Preparation_of_aniline_yellow/images/benDrop.html]
[localhost/olabs/CHE/ANC/Preparation_of_aniline_yellow/images/bg2.html]
[localhost/olabs/CHE/ANC/Preparation_of_aniline_yellow/images/beakerfig3.html]
[localhost/olabs/CHE/ANC/Preparation_of_aniline_yellow/images/butterpaperflat.html]
[localhost/olabs/CHE/ANC/Preparation_of_aniline_yellow/images/butterpaperflatyellow.html]
[localhost/olabs/CHE/ANC/Preparation_of_aniline_yellow/images/standunderfig3.html]
[localhost/olabs/CHE/ANC/Preparation_of_aniline_yellow/images/funnel.html]
[localhost/olabs/CHE/ANC/Preparation_of_aniline_yellow/images/standtopfig3.html]
[localhost/olabs/CHE/ANC/Preparation_of_aniline_yellow/images/yellowsamp.html]
[localhost/olabs/CHE/ANC/Preparation_of_aniline_yellow/images/yellowpour.html]
[localhost/olabs/CHE/ANC/Preparation_of_aniline_yellow/images/funnelwithsatand.html]
[localhost/olabs/CHE/ANC/Preparation_of_aniline_yellow/images/tube.html]
[localhost/olabs/CHE/ANC/Preparation_of_aniline_yellow/images/paperlyyellow.html]
[localhost/olabs/CHE/ANC/Preparation_of_aniline_yellow/images/butterpaperlyyellow.html]
[localhost/olabs/CHE/ANC/Preparation_of_aniline_yellow/images/tubeyellowsamp.html]
[localhost/olabs/CHE/ANC/Preparation_of_aniline_yellow/images/meltingPointApr.html]
[localhost/olabs/CHE/ANC/Preparation_of_aniline_yellow/images/meltingPointAprTop.html]
[localhost/olabs/CHE/ANC/Preparation_of_aniline_yellow/images/switchOff.html]
[localhost/olabs/CHE/ANC/Preparation_of_aniline_yellow/images/switchOn.html]
[localhost/olabs/CHE/ANC/Preparation_of_aniline_yellow/images/lightOff.html]
[localhost/olabs/CHE/ANC/Preparation_of_aniline_yellow/images/lightOn.html]
[localhost/olabs/CHE/ANC/Preparation_of_aniline_yellow/images/Rotate.html]
[localhost/olabs/CHE/ANC/Preparation_of_aniline_yellow/images/Rotate5.html]
[localhost/olabs/CHE/ANC/Preparation_of_aniline_yellow/images/glassLight.html]
[localhost/olabs/CHE/ANC/Preparation_of_aniline_yellow/images/zoom.html]
[localhost/olabs/CHE/ANC/Preparation_of_aniline_yellow/images/termo125.html]
[fonts.googleapis.com/earlyaccess/notosansmalayalam.css]
[fonts.googleapis.com/earlyaccess/notosanstelugu.css]
[localhost/olabs/html5/template/olab_ot/fonts/noto-sans-v6-devanagari-regular.eot]
[localhost/olabs/html5/template/olab_ot/fonts/noto-sans-v6-devanagari-regular.woff2]
[localhost/olabs/html5/template/olab_ot/fonts/noto-sans-v6-devanagari-regular.woff]
[localhost/olabs/html5/template/olab_ot/fonts/noto-sans-v6-devanagari-regular.ttf]
[localhost/olabs/html5/template/olab_ot/fonts/noto-sans-v6-devanagari-regular.svg]
[localhost/olabs/html5/template/olab_ot/fonts/noto-sans-v6-devanagari-700.eot]
[localhost/olabs/html5/template/olab_ot/fonts/noto-sans-v6-devanagari-700.woff2]
[localhost/olabs/html5/template/olab_ot/fonts/noto-sans-v6-devanagari-700.woff]
[localhost/olabs/html5/template/olab_ot/fonts/noto-sans-v6-devanagari-700.ttf]
[localhost/olabs/html5/template/olab_ot/fonts/noto-sans-v6-devanagari-700.svg]
[localhost/olabs/html5/template/olab_ot/images/main_olab.gif]
[localhost/olabs/html5/template/olab_ot/images/dit_logo.gif]
[localhost/olabs/html5/template/olab_ot/images/menuBgRight.gif]
[localhost/olabs/html5/template/olab_ot/images/menuBgLeft.gif]
[localhost/olabs/html5/template/olab_ot/css/images/menuBgLeft.html]
[localhost/olabs/html5/js/trip/arrow.png]
